// Jest Snapshot v1, https://goo.gl/fbAQLP

exports[`highlightSubstring should highlight substring (case insensitive 1`] = `
<DocumentFragment>
  Item 1 / 
  <b>
    Item 1
  </b>
  a
</DocumentFragment>
`;
